npm notice
npm notice 📦  pi-session-continuity@0.1.0
npm notice Tarball Contents
npm notice 649B CHANGELOG.md
npm notice 1.1kB LICENSE
npm notice 4.1kB README.md
npm notice 2.2kB docs/deploys/deploy-2026-07-07-SCOPE-0001-package-skeleton.md
npm notice 1.6kB docs/deploys/deploy-2026-07-07-SCOPE-0002-core-artifact-engine.md
npm notice 482B docs/deploys/README.md
npm notice 27.5kB docs/product-spec.md
npm notice 5.1kB extensions/session-continuity/index.ts
npm notice 1.0kB package.json
npm notice 14.2kB src/artifact.ts
npm notice 6.6kB src/config.ts
npm notice 1.8kB src/constants.ts
npm notice 14.5kB src/handoff.ts
npm notice 2.6kB src/status.ts
npm notice Tarball Details
npm notice name: pi-session-continuity
npm notice version: 0.1.0
npm notice filename: pi-session-continuity-0.1.0.tgz
npm notice package size: 23.7 kB
npm notice unpacked size: 83.3 kB
npm notice shasum: 7711912497894302d83210e920db3ba5863c4b90
npm notice integrity: sha512-dfpapCngREt7q[...]WecgZr4CqR3XQ==
npm notice total files: 14
npm notice
pi-session-continuity-0.1.0.tgz
