status: warning
schema: specforge.mini.validator-report.v0
fixture: /home/ubuntu/pi-session-continuity
run_dir: /home/ubuntu/pi-session-continuity/specforge/runs/RUN-0001
packet: /home/ubuntu/pi-session-continuity/specforge/scopes/SCOPE-0001/autonomous-implementation-packet.yaml
skill: null
validators:
- status: pass
  validator: packet_readiness
  findings: []
- status: warning
  validator: scope_gate
  findings:
  - severity: warning
    code: dirty_path_outside_allowed_scope
    evidence: 'Dirty path is outside allowed scope: .orchestrate/'
    recommended_action: confirm it is pre-existing/unrelated or isolate with worktree
    path: .orchestrate/
  - severity: warning
    code: dirty_path_outside_allowed_scope
    evidence: 'Dirty path is outside allowed scope: extensions/'
    recommended_action: confirm it is pre-existing/unrelated or isolate with worktree
    path: extensions/
  - severity: warning
    code: dirty_path_outside_allowed_scope
    evidence: 'Dirty path is outside allowed scope: node_modules/'
    recommended_action: confirm it is pre-existing/unrelated or isolate with worktree
    path: node_modules/
  - severity: warning
    code: dirty_path_outside_allowed_scope
    evidence: 'Dirty path is outside allowed scope: package-lock.json'
    recommended_action: confirm it is pre-existing/unrelated or isolate with worktree
    path: package-lock.json
  - severity: warning
    code: dirty_path_outside_allowed_scope
    evidence: 'Dirty path is outside allowed scope: scripts/'
    recommended_action: confirm it is pre-existing/unrelated or isolate with worktree
    path: scripts/
  - severity: warning
    code: dirty_path_outside_allowed_scope
    evidence: 'Dirty path is outside allowed scope: specforge/'
    recommended_action: confirm it is pre-existing/unrelated or isolate with worktree
    path: specforge/
- status: warning
  validator: change_classification
  findings:
  - severity: minor
    code: change_class_field_missing
    evidence: change_class.needs_worktree is missing.
    recommended_action: populate the classifier field
  - severity: minor
    code: change_class_field_missing
    evidence: change_class.needs_external_review is missing.
    recommended_action: populate the classifier field
  - severity: minor
    code: change_class_field_missing
    evidence: change_class.needs_observable_review is missing.
    recommended_action: populate the classifier field
  - severity: minor
    code: change_class_field_missing
    evidence: change_class.needs_full_validation is missing.
    recommended_action: populate the classifier field
  - severity: minor
    code: change_class_field_missing
    evidence: change_class.needs_specialized_review is missing.
    recommended_action: populate the classifier field
  - severity: minor
    code: change_class_field_missing
    evidence: change_class.needs_graph_or_dependency_context is missing.
    recommended_action: populate the classifier field
- status: pass
  validator: evidence_matrix
  findings: []
- status: pass
  validator: command_log_monotonicity
  findings: []
- status: pass
  validator: review_budget
  findings: []
- status: pass
  validator: tool_routing
  findings: []
summary:
  pass: 5
  warning: 2
  fail: 0
  blocked: 0
