npm notice
npm notice 📦  pi-session-continuity@0.1.0
npm notice Tarball Contents
npm notice 649B CHANGELOG.md
npm notice 1.1kB LICENSE
npm notice 4.1kB README.md
npm notice 27.5kB docs/product-spec.md
npm notice 5.1kB extensions/session-continuity/index.ts
npm notice 1.0kB package.json
npm notice 11.9kB src/artifact.ts
npm notice 6.1kB src/config.ts
npm notice 1.8kB src/constants.ts
npm notice 14.3kB src/handoff.ts
npm notice 2.7kB src/status.ts
npm notice Tarball Details
npm notice name: pi-session-continuity
npm notice version: 0.1.0
npm notice filename: pi-session-continuity-0.1.0.tgz
npm notice package size: 21.4 kB
npm notice unpacked size: 76.1 kB
npm notice shasum: 4a5d947810febc87fa74d4c1e7e35b3c6774be39
npm notice integrity: sha512-nPjRnKqTRJcaC[...]08nFs3qspppNQ==
npm notice total files: 11
npm notice
pi-session-continuity-0.1.0.tgz
