status: fail
schema: specforge.mini.validator-report.v0
fixture: /home/ubuntu/pi-session-continuity
run_dir: /home/ubuntu/pi-session-continuity/specforge/runs/RUN-0001
packet: /home/ubuntu/pi-session-continuity/specforge/scopes/SCOPE-0001/autonomous-implementation-packet.yaml
skill: null
validators:
- status: pass
  validator: packet_readiness
  findings: []
- status: pass
  validator: scope_gate
  findings: []
- status: pass
  validator: change_classification
  findings: []
- status: fail
  validator: evidence_matrix
  findings:
  - severity: major
    code: reconciled_evidence_ref_unresolved
    evidence: required_evidence_reconciliation[0] evidence_ref='CMD-0009' does not
      resolve to known command/artifact evidence.
    recommended_action: cite an existing command log, artifact, or produced/final
      artifact ref
    path: CMD-0009
  - severity: major
    code: reconciled_evidence_ref_unresolved
    evidence: required_evidence_reconciliation[1] evidence_ref='CMD-0010' does not
      resolve to known command/artifact evidence.
    recommended_action: cite an existing command log, artifact, or produced/final
      artifact ref
    path: CMD-0010
  - severity: major
    code: reconciled_evidence_ref_unresolved
    evidence: required_evidence_reconciliation[2] evidence_ref='CMD-0011' does not
      resolve to known command/artifact evidence.
    recommended_action: cite an existing command log, artifact, or produced/final
      artifact ref
    path: CMD-0011
  - severity: major
    code: reconciled_evidence_ref_unresolved
    evidence: required_evidence_reconciliation[3] evidence_ref='runtime grep returned
      no matches' does not resolve to known command/artifact evidence.
    recommended_action: cite an existing command log, artifact, or produced/final
      artifact ref
    path: runtime grep returned no matches
  - severity: major
    code: reconciled_evidence_ref_unresolved
    evidence: required_evidence_reconciliation[4] evidence_ref='package.json and CMD-0016'
      does not resolve to known command/artifact evidence.
    recommended_action: cite an existing command log, artifact, or produced/final
      artifact ref
    path: package.json and CMD-0016
  - severity: major
    code: reconciled_evidence_ref_unresolved
    evidence: required_evidence_reconciliation[5] evidence_ref='CMD-0009' does not
      resolve to known command/artifact evidence.
    recommended_action: cite an existing command log, artifact, or produced/final
      artifact ref
    path: CMD-0009
  - severity: major
    code: reconciled_evidence_ref_unresolved
    evidence: required_evidence_reconciliation[6] evidence_ref='CMD-0010' does not
      resolve to known command/artifact evidence.
    recommended_action: cite an existing command log, artifact, or produced/final
      artifact ref
    path: CMD-0010
  - severity: major
    code: reconciled_evidence_ref_unresolved
    evidence: required_evidence_reconciliation[7] evidence_ref='CMD-0011' does not
      resolve to known command/artifact evidence.
    recommended_action: cite an existing command log, artifact, or produced/final
      artifact ref
    path: CMD-0011
  - severity: major
    code: reconciled_evidence_ref_unresolved
    evidence: required_evidence_reconciliation[8] evidence_ref='runtime grep returned
      no matches' does not resolve to known command/artifact evidence.
    recommended_action: cite an existing command log, artifact, or produced/final
      artifact ref
    path: runtime grep returned no matches
  - severity: major
    code: reconciled_evidence_ref_unresolved
    evidence: required_evidence_reconciliation[9] evidence_ref='package.json and CMD-0016'
      does not resolve to known command/artifact evidence.
    recommended_action: cite an existing command log, artifact, or produced/final
      artifact ref
    path: package.json and CMD-0016
  - severity: major
    code: reconciled_evidence_ref_unresolved
    evidence: required_evidence_reconciliation[10] evidence_ref='CMD-0009' does not
      resolve to known command/artifact evidence.
    recommended_action: cite an existing command log, artifact, or produced/final
      artifact ref
    path: CMD-0009
  - severity: major
    code: reconciled_evidence_ref_unresolved
    evidence: required_evidence_reconciliation[11] evidence_ref='CMD-0010' does not
      resolve to known command/artifact evidence.
    recommended_action: cite an existing command log, artifact, or produced/final
      artifact ref
    path: CMD-0010
  - severity: major
    code: reconciled_evidence_ref_unresolved
    evidence: required_evidence_reconciliation[12] evidence_ref='CMD-0011' does not
      resolve to known command/artifact evidence.
    recommended_action: cite an existing command log, artifact, or produced/final
      artifact ref
    path: CMD-0011
  - severity: major
    code: reconciled_evidence_ref_unresolved
    evidence: required_evidence_reconciliation[13] evidence_ref='runtime grep returned
      no matches' does not resolve to known command/artifact evidence.
    recommended_action: cite an existing command log, artifact, or produced/final
      artifact ref
    path: runtime grep returned no matches
  - severity: major
    code: reconciled_evidence_ref_unresolved
    evidence: required_evidence_reconciliation[14] evidence_ref='package.json and
      CMD-0016' does not resolve to known command/artifact evidence.
    recommended_action: cite an existing command log, artifact, or produced/final
      artifact ref
    path: package.json and CMD-0016
  - severity: major
    code: reconciled_evidence_ref_unresolved
    evidence: required_evidence_reconciliation[15] evidence_ref='CMD-0009' does not
      resolve to known command/artifact evidence.
    recommended_action: cite an existing command log, artifact, or produced/final
      artifact ref
    path: CMD-0009
  - severity: major
    code: reconciled_evidence_ref_unresolved
    evidence: required_evidence_reconciliation[16] evidence_ref='CMD-0010' does not
      resolve to known command/artifact evidence.
    recommended_action: cite an existing command log, artifact, or produced/final
      artifact ref
    path: CMD-0010
  - severity: major
    code: reconciled_evidence_ref_unresolved
    evidence: required_evidence_reconciliation[17] evidence_ref='CMD-0011' does not
      resolve to known command/artifact evidence.
    recommended_action: cite an existing command log, artifact, or produced/final
      artifact ref
    path: CMD-0011
  - severity: major
    code: reconciled_evidence_ref_unresolved
    evidence: required_evidence_reconciliation[18] evidence_ref='runtime grep returned
      no matches' does not resolve to known command/artifact evidence.
    recommended_action: cite an existing command log, artifact, or produced/final
      artifact ref
    path: runtime grep returned no matches
  - severity: major
    code: reconciled_evidence_ref_unresolved
    evidence: required_evidence_reconciliation[19] evidence_ref='package.json and
      CMD-0016' does not resolve to known command/artifact evidence.
    recommended_action: cite an existing command log, artifact, or produced/final
      artifact ref
    path: package.json and CMD-0016
  - severity: major
    code: reconciled_evidence_ref_unresolved
    evidence: required_evidence_reconciliation[20] evidence_ref='CMD-0009' does not
      resolve to known command/artifact evidence.
    recommended_action: cite an existing command log, artifact, or produced/final
      artifact ref
    path: CMD-0009
  - severity: major
    code: reconciled_evidence_ref_unresolved
    evidence: required_evidence_reconciliation[21] evidence_ref='CMD-0010' does not
      resolve to known command/artifact evidence.
    recommended_action: cite an existing command log, artifact, or produced/final
      artifact ref
    path: CMD-0010
  - severity: major
    code: reconciled_evidence_ref_unresolved
    evidence: required_evidence_reconciliation[22] evidence_ref='CMD-0011' does not
      resolve to known command/artifact evidence.
    recommended_action: cite an existing command log, artifact, or produced/final
      artifact ref
    path: CMD-0011
  - severity: major
    code: reconciled_evidence_ref_unresolved
    evidence: required_evidence_reconciliation[23] evidence_ref='runtime grep returned
      no matches' does not resolve to known command/artifact evidence.
    recommended_action: cite an existing command log, artifact, or produced/final
      artifact ref
    path: runtime grep returned no matches
  - severity: major
    code: reconciled_evidence_ref_unresolved
    evidence: required_evidence_reconciliation[24] evidence_ref='package.json and
      CMD-0016' does not resolve to known command/artifact evidence.
    recommended_action: cite an existing command log, artifact, or produced/final
      artifact ref
    path: package.json and CMD-0016
  - severity: major
    code: reconciled_evidence_ref_unresolved
    evidence: required_evidence_reconciliation[25] evidence_ref='CMD-0009' does not
      resolve to known command/artifact evidence.
    recommended_action: cite an existing command log, artifact, or produced/final
      artifact ref
    path: CMD-0009
  - severity: major
    code: reconciled_evidence_ref_unresolved
    evidence: required_evidence_reconciliation[26] evidence_ref='CMD-0010' does not
      resolve to known command/artifact evidence.
    recommended_action: cite an existing command log, artifact, or produced/final
      artifact ref
    path: CMD-0010
  - severity: major
    code: reconciled_evidence_ref_unresolved
    evidence: required_evidence_reconciliation[27] evidence_ref='CMD-0011' does not
      resolve to known command/artifact evidence.
    recommended_action: cite an existing command log, artifact, or produced/final
      artifact ref
    path: CMD-0011
  - severity: major
    code: reconciled_evidence_ref_unresolved
    evidence: required_evidence_reconciliation[28] evidence_ref='runtime grep returned
      no matches' does not resolve to known command/artifact evidence.
    recommended_action: cite an existing command log, artifact, or produced/final
      artifact ref
    path: runtime grep returned no matches
  - severity: major
    code: reconciled_evidence_ref_unresolved
    evidence: required_evidence_reconciliation[29] evidence_ref='package.json and
      CMD-0016' does not resolve to known command/artifact evidence.
    recommended_action: cite an existing command log, artifact, or produced/final
      artifact ref
    path: package.json and CMD-0016
- status: pass
  validator: command_log_monotonicity
  findings: []
- status: pass
  validator: review_budget
  findings: []
- status: pass
  validator: tool_routing
  findings: []
summary:
  pass: 6
  warning: 0
  fail: 1
  blocked: 0
