npm notice
npm notice 📦  pi-session-continuity@0.1.0
npm notice Tarball Contents
npm notice 649B CHANGELOG.md
npm notice 1.1kB LICENSE
npm notice 4.1kB README.md
npm notice 2.2kB docs/deploys/deploy-2026-07-07-SCOPE-0001-package-skeleton.md
npm notice 1.6kB docs/deploys/deploy-2026-07-07-SCOPE-0002-core-artifact-engine.md
npm notice 1.5kB docs/deploys/deploy-2026-07-07-SCOPE-0003-manual-checkpoint.md
npm notice 680B docs/deploys/README.md
npm notice 27.5kB docs/product-spec.md
npm notice 4.7kB extensions/session-continuity/index.ts
npm notice 1.0kB package.json
npm notice 14.2kB src/artifact.ts
npm notice 6.6kB src/config.ts
npm notice 1.8kB src/constants.ts
npm notice 14.5kB src/handoff.ts
npm notice 3.2kB src/status.ts
npm notice Tarball Details
npm notice name: pi-session-continuity
npm notice version: 0.1.0
npm notice filename: pi-session-continuity-0.1.0.tgz
npm notice package size: 24.1 kB
npm notice unpacked size: 85.2 kB
npm notice shasum: 910cd8661310cc3957c5b04247da3e42d7eb7f44
npm notice integrity: sha512-fasaMl3yzVpaW[...]e4cVyjGdYyOHw==
npm notice total files: 15
npm notice
pi-session-continuity-0.1.0.tgz
