npm notice
npm notice 📦  pi-session-continuity@0.1.0
npm notice Tarball Contents
npm notice 801B CHANGELOG.md
npm notice 1.1kB LICENSE
npm notice 5.3kB README.md
npm notice 2.2kB docs/deploys/deploy-2026-07-07-SCOPE-0001-package-skeleton.md
npm notice 1.6kB docs/deploys/deploy-2026-07-07-SCOPE-0002-core-artifact-engine.md
npm notice 1.5kB docs/deploys/deploy-2026-07-07-SCOPE-0003-manual-checkpoint.md
npm notice 1.3kB docs/deploys/deploy-2026-07-07-SCOPE-0004-status-settings.md
npm notice 1.2kB docs/deploys/deploy-2026-07-07-SCOPE-0005-automatic-threshold.md
npm notice 1.4kB docs/deploys/deploy-2026-07-07-SCOPE-0006-compaction-hygiene.md
npm notice 1.5kB docs/deploys/deploy-2026-07-07-SCOPE-0007-tests-smoke.md
npm notice 1.4kB docs/deploys/deploy-2026-07-07-SCOPE-0008-public-docs-release-readiness.md
npm notice 1.6kB docs/deploys/deploy-2026-07-07-SCOPE-0009-dogfood-hardening-local-readiness.md
npm notice 1.6kB docs/deploys/deploy-2026-07-08-SCOPE-0010-ux-settings-menu.md
npm notice 790B docs/deploys/deploy-2026-07-08-SCOPE-0011-compact-status-footer.md
npm notice 646B docs/deploys/deploy-2026-07-08-SCOPE-0012-remove-settings-show.md
npm notice 832B docs/deploys/deploy-2026-07-08-SCOPE-0014-status-and-effort.md
npm notice 2.7kB docs/deploys/README.md
npm notice 29.4kB docs/product-spec.md
npm notice 4.9kB docs/release-readiness/local-v1-readiness-2026-07-07.md
npm notice 9.4kB extensions/session-continuity/index.ts
npm notice 1.1kB package.json
npm notice 1.9kB scripts/smoke/manual-checks.sh
npm notice 14.3kB src/artifact.ts
npm notice 9.1kB src/config.ts
npm notice 2.0kB src/constants.ts
npm notice 14.9kB src/handoff.ts
npm notice 4.6kB src/status.ts
npm notice 1.2kB src/trigger.ts
npm notice Tarball Details
npm notice name: pi-session-continuity
npm notice version: 0.1.0
npm notice filename: pi-session-continuity-0.1.0.tgz
npm notice package size: 32.5 kB
npm notice unpacked size: 120.3 kB
npm notice shasum: 6e47918cc760c8ef6e0c204ba847cb9441f613f4
npm notice integrity: sha512-wtsjWyx3Le7or[...]FMrXoHnojiyjA==
npm notice total files: 28
npm notice
pi-session-continuity-0.1.0.tgz
