status: blocked
schema: specforge.mini.validator-report.v0
fixture: /home/ubuntu/pi-session-continuity
run_dir: /home/ubuntu/pi-session-continuity/specforge/runs/RUN-0010
packet: /home/ubuntu/pi-session-continuity/specforge/scopes/SCOPE-0010/autonomous-implementation-packet.yaml
skill: null
validators:
- status: warning
  validator: skill_structural
  findings:
  - severity: warning
    code: skill_path_not_provided
    evidence: No --skill path was provided.
    recommended_action: pass --skill to validate SpecForge Mini skill structure
- status: warning
  validator: yaml_snippet
  findings:
  - severity: warning
    code: no_snippet_sources
    evidence: No skill/planning doc supplied for fenced YAML snippet parsing.
    recommended_action: pass --skill and/or --planning-doc when validating docs
- status: pass
  validator: packet_readiness
  findings: []
- status: pass
  validator: scope_gate
  findings: []
- status: pass
  validator: change_classification
  findings: []
- status: fail
  validator: evidence_matrix
  findings:
  - severity: major
    code: surface_evidence_missing
    evidence: surface=ui has no recognizable evidence in evidence-bearing artifact
      fields.
    recommended_action: add command/artifact evidence or required_evidence_reconciliation
      for this surface
  - severity: major
    code: known_answer_case_not_mapped
    evidence: evidence_plan.known_answer_cases[1] is not mapped to evidence reconciliation/checks.
    recommended_action: map known-answer cases to command/artifact/manual evidence
      before stop
  - severity: major
    code: known_answer_case_not_mapped
    evidence: evidence_plan.known_answer_cases[2] is not mapped to evidence reconciliation/checks.
    recommended_action: map known-answer cases to command/artifact/manual evidence
      before stop
  - severity: major
    code: known_answer_case_not_mapped
    evidence: evidence_plan.known_answer_cases[3] is not mapped to evidence reconciliation/checks.
    recommended_action: map known-answer cases to command/artifact/manual evidence
      before stop
- status: pass
  validator: command_log_monotonicity
  findings: []
- status: pass
  validator: stale_approval
  findings: []
- status: pass
  validator: review_budget
  findings: []
- status: pass
  validator: prompt_contract
  findings: []
- status: pass
  validator: tool_routing
  findings: []
- status: pass
  validator: flow_metrics
  findings: []
- status: pass
  validator: yaml_artifact_parse
  findings: []
- status: blocked
  validator: finalization_consistency
  findings:
  - severity: blocker
    code: finalization_consistency_not_pass
    evidence: finalization_consistency.status='pending-post-validator'
    recommended_action: repair consistency gate before stop
  - severity: major
    code: post_validator_output_ref_missing
    evidence: 'output_ref does not exist: specforge/runs/RUN-0010/specforge-mini-validator-report-post.yaml'
    recommended_action: write validator command log or correct output_ref
    path: specforge/runs/RUN-0010/specforge-mini-validator-report-post.yaml
  - severity: major
    code: post_validator_output_ref_missing
    evidence: 'output_ref does not exist: specforge/runs/RUN-0010/specforge-mini-validator-report-post.yaml'
    recommended_action: write validator command log or correct output_ref
    path: specforge/runs/RUN-0010/specforge-mini-validator-report-post.yaml
  - severity: major
    code: post_validator_output_ref_missing
    evidence: 'output_ref does not exist: specforge/runs/RUN-0010/specforge-mini-validator-report-post.yaml'
    recommended_action: write validator command log or correct output_ref
    path: specforge/runs/RUN-0010/specforge-mini-validator-report-post.yaml
  - severity: major
    code: failed_command_without_diagnosis
    evidence: CMD-0001 exit_code=1 lacks diagnosis/next_action.
    recommended_action: classify failure and accepted next action
    path: specforge/runs/RUN-0010/commands/CMD-0001.log
  - severity: major
    code: failed_command_without_diagnosis
    evidence: CMD-0006 exit_code=1 lacks diagnosis/next_action.
    recommended_action: classify failure and accepted next action
    path: specforge/runs/RUN-0010/commands/CMD-0006.log
- status: pass
  validator: documentation_proportionality
  findings: []
- status: warning
  validator: scenario_review
  findings:
  - severity: warning
    code: scenario_review_artifact_missing
    evidence: No scenario review artifact found in the active run dir.
    recommended_action: write scenario matrix and independent review before GOAL MET/final
      stop
summary:
  pass: 11
  warning: 3
  fail: 1
  blocked: 1
