npm notice
npm notice 📦  pi-session-continuity@0.1.0
npm notice Tarball Contents
npm notice 649B CHANGELOG.md
npm notice 1.1kB LICENSE
npm notice 4.1kB README.md
npm notice 2.2kB docs/deploys/deploy-2026-07-07-SCOPE-0001-package-skeleton.md
npm notice 280B docs/deploys/README.md
npm notice 27.5kB docs/product-spec.md
npm notice 5.1kB extensions/session-continuity/index.ts
npm notice 1.0kB package.json
npm notice 14.2kB src/artifact.ts
npm notice 6.6kB src/config.ts
npm notice 1.8kB src/constants.ts
npm notice 14.5kB src/handoff.ts
npm notice 2.6kB src/status.ts
npm notice Tarball Details
npm notice name: pi-session-continuity
npm notice version: 0.1.0
npm notice filename: pi-session-continuity-0.1.0.tgz
npm notice package size: 23.2 kB
npm notice unpacked size: 81.5 kB
npm notice shasum: a62ed09d31993afaf499bfd89698b81b2753e014
npm notice integrity: sha512-S5V150B7uGvtS[...]YRb3iENlS31/A==
npm notice total files: 13
npm notice
pi-session-continuity-0.1.0.tgz
