status: fail
schema: specforge.mini.validator-report.v0
fixture: /home/ubuntu/pi-session-continuity
run_dir: /home/ubuntu/pi-session-continuity/specforge/runs/RUN-0002
packet: /home/ubuntu/pi-session-continuity/specforge/scopes/SCOPE-0002/autonomous-implementation-packet.yaml
skill: null
validators:
- status: pass
  validator: packet_readiness
  findings: []
- status: fail
  validator: scope_gate
  findings:
  - severity: warning
    code: dirty_path_outside_allowed_scope
    evidence: 'Dirty path is outside allowed scope: .gitignore'
    recommended_action: confirm it is pre-existing/unrelated or isolate with worktree
    path: .gitignore
  - severity: warning
    code: dirty_path_outside_allowed_scope
    evidence: 'Dirty path is outside allowed scope: .orchestrate/'
    recommended_action: confirm it is pre-existing/unrelated or isolate with worktree
    path: .orchestrate/
  - severity: warning
    code: dirty_path_outside_allowed_scope
    evidence: 'Dirty path is outside allowed scope: .pi/'
    recommended_action: confirm it is pre-existing/unrelated or isolate with worktree
    path: .pi/
  - severity: warning
    code: dirty_path_outside_allowed_scope
    evidence: 'Dirty path is outside allowed scope: CHANGELOG.md'
    recommended_action: confirm it is pre-existing/unrelated or isolate with worktree
    path: CHANGELOG.md
  - severity: warning
    code: dirty_path_outside_allowed_scope
    evidence: 'Dirty path is outside allowed scope: LICENSE'
    recommended_action: confirm it is pre-existing/unrelated or isolate with worktree
    path: LICENSE
  - severity: warning
    code: dirty_path_outside_allowed_scope
    evidence: 'Dirty path is outside allowed scope: README.md'
    recommended_action: confirm it is pre-existing/unrelated or isolate with worktree
    path: README.md
  - severity: warning
    code: dirty_path_outside_allowed_scope
    evidence: 'Dirty path is outside allowed scope: extensions/'
    recommended_action: confirm it is pre-existing/unrelated or isolate with worktree
    path: extensions/
  - severity: major
    code: unauthorized_lockfile_path
    evidence: 'Dirty or changed special path lacks explicit authorization lockfile_allowed:
      package-lock.json'
    recommended_action: add packet authorization, restore path, or request waiver
    path: package-lock.json
  - severity: warning
    code: dirty_path_outside_allowed_scope
    evidence: 'Dirty path is outside allowed scope: package-lock.json'
    recommended_action: confirm it is pre-existing/unrelated or isolate with worktree
    path: package-lock.json
  - severity: warning
    code: dirty_path_outside_allowed_scope
    evidence: 'Dirty path is outside allowed scope: package.json'
    recommended_action: confirm it is pre-existing/unrelated or isolate with worktree
    path: package.json
  - severity: warning
    code: dirty_path_outside_allowed_scope
    evidence: 'Dirty path is outside allowed scope: scripts/'
    recommended_action: confirm it is pre-existing/unrelated or isolate with worktree
    path: scripts/
  - severity: warning
    code: dirty_path_outside_allowed_scope
    evidence: 'Dirty path is outside allowed scope: specforge/'
    recommended_action: confirm it is pre-existing/unrelated or isolate with worktree
    path: specforge/
  - severity: warning
    code: dirty_path_outside_allowed_scope
    evidence: 'Dirty path is outside allowed scope: src/'
    recommended_action: confirm it is pre-existing/unrelated or isolate with worktree
    path: src/
  - severity: warning
    code: dirty_path_outside_allowed_scope
    evidence: 'Dirty path is outside allowed scope: test/'
    recommended_action: confirm it is pre-existing/unrelated or isolate with worktree
    path: test/
  - severity: warning
    code: dirty_path_outside_allowed_scope
    evidence: 'Dirty path is outside allowed scope: tsconfig.json'
    recommended_action: confirm it is pre-existing/unrelated or isolate with worktree
    path: tsconfig.json
- status: pass
  validator: change_classification
  findings: []
- status: pass
  validator: evidence_matrix
  findings: []
- status: pass
  validator: command_log_monotonicity
  findings: []
- status: pass
  validator: review_budget
  findings: []
- status: pass
  validator: tool_routing
  findings: []
summary:
  pass: 6
  warning: 0
  fail: 1
  blocked: 0
